// Jest Snapshot v1, https://goo.gl/fbAQLP

exports[`<Input> render 1`] = `
<input
  onChange={[Function]}
  type="text"
/>
`;
